../Core/Src/main.c:82:6:delay_ms	3
../Core/Src/main.c:97:6:LED_Init	1
../Core/Src/main.c:114:6:USART1_Config	1
../Core/Src/main.c:142:6:usart1_send	2
../Core/Src/main.c:148:6:my_printf	2
../Core/Src/main.c:171:6:CS_LOW	1
../Core/Src/main.c:176:6:CS_HIGH	2
../Core/Src/main.c:183:6:SPI1_Config	1
../Core/Src/main.c:220:9:SPI1_Transfer	3
../Core/Src/main.c:231:6:I3G4250D_WriteReg	1
../Core/Src/main.c:240:9:I3G4250D_ReadReg	1
../Core/Src/main.c:250:9:I3G4250D_Init	1
../Core/Src/main.c:272:6:I3G4250D_ReadXYZ	1
../Core/Src/main.c:299:6:TIM1_Config	1
../Core/Src/main.c:322:6:TIM1_UP_TIM10_IRQHandler	2
../Core/Src/main.c:344:6:TIM2_Config	1
../Core/Src/main.c:367:6:TIM2_IRQHandler	2
../Core/Src/main.c:393:5:main	5
