../Core/Src/main.c:120:6:delay_ms	3
../Core/Src/main.c:135:6:LED_Init	1
../Core/Src/main.c:152:6:USART1_Config	1
../Core/Src/main.c:180:6:usart1_send	2
../Core/Src/main.c:186:6:my_printf	2
../Core/Src/main.c:209:6:CS_LOW	1
../Core/Src/main.c:214:6:CS_HIGH	2
../Core/Src/main.c:221:6:SPI1_Config	1
../Core/Src/main.c:258:9:SPI1_Transfer	3
../Core/Src/main.c:269:6:I3G4250D_WriteReg	1
../Core/Src/main.c:278:9:I3G4250D_ReadReg	1
../Core/Src/main.c:288:9:I3G4250D_Init	1
../Core/Src/main.c:310:6:I3G4250D_ReadXYZ	1
../Core/Src/main.c:337:6:TIM1_Config	1
../Core/Src/main.c:360:6:TIM1_UP_TIM10_IRQHandler	2
../Core/Src/main.c:382:6:TIM2_Config	1
../Core/Src/main.c:405:6:TIM2_IRQHandler	2
../Core/Src/main.c:431:5:main	5
