../Core/Src/main.c:172:18:flash_unlock	2
../Core/Src/main.c:180:18:flash_erase_sector	4
../Core/Src/main.c:196:18:flash_erase_for_firmware	4
../Core/Src/main.c:217:18:flash_program_byte	3
../Core/Src/main.c:229:18:flash_and_reset	3
../Core/Src/main.c:67:6:usart1_send	2
../Core/Src/main.c:73:6:my_printf	2
../Core/Src/main.c:90:6:USART1_Config	1
../Core/Src/main.c:115:6:LED_Init	1
../Core/Src/main.c:128:6:trim_str	11
../Core/Src/main.c:147:6:USART1_IRQHandler	8
../Core/Src/main.c:252:6:process_update	27
../Core/Src/main.c:389:5:main	5
