../Core/Src/main.c:172:18:flash_unlock	4	static
../Core/Src/main.c:180:18:flash_erase_sector	16	static
../Core/Src/main.c:196:18:flash_erase_for_firmware	16	static
../Core/Src/main.c:217:18:flash_program_byte	16	static
../Core/Src/main.c:229:18:flash_and_reset	24	static,ignoring_inline_asm
../Core/Src/main.c:67:6:usart1_send	16	static
../Core/Src/main.c:73:6:my_printf	152	static
../Core/Src/main.c:90:6:USART1_Config	4	static
../Core/Src/main.c:115:6:LED_Init	4	static
../Core/Src/main.c:128:6:trim_str	24	static
../Core/Src/main.c:147:6:USART1_IRQHandler	16	static
../Core/Src/main.c:252:6:process_update	80	static,ignoring_inline_asm
../Core/Src/main.c:389:5:main	8	static
