../Core/Src/main.c:208:18:flash_unlock	2
../Core/Src/main.c:216:18:flash_erase_sector	4
../Core/Src/main.c:232:18:flash_erase_for_firmware	4
../Core/Src/main.c:253:18:flash_program_byte	3
../Core/Src/main.c:265:18:flash_and_reset	3
../Core/Src/main.c:90:6:usart1_send	2
../Core/Src/main.c:96:6:my_printf	2
../Core/Src/main.c:113:6:USART1_Config	1
../Core/Src/main.c:142:6:LED_Init	1
../Core/Src/main.c:159:6:trim_str	11
../Core/Src/main.c:178:6:USART1_IRQHandler	8
../Core/Src/main.c:292:6:process_update	27
../Core/Src/main.c:436:5:main	5
