../Core/Src/main.c:208:18:flash_unlock	4	static
../Core/Src/main.c:216:18:flash_erase_sector	16	static
../Core/Src/main.c:232:18:flash_erase_for_firmware	16	static
../Core/Src/main.c:253:18:flash_program_byte	16	static
../Core/Src/main.c:265:18:flash_and_reset	24	static,ignoring_inline_asm
../Core/Src/main.c:90:6:usart1_send	16	static
../Core/Src/main.c:96:6:my_printf	152	static
../Core/Src/main.c:113:6:USART1_Config	4	static
../Core/Src/main.c:142:6:LED_Init	4	static
../Core/Src/main.c:159:6:trim_str	24	static
../Core/Src/main.c:178:6:USART1_IRQHandler	16	static
../Core/Src/main.c:292:6:process_update	80	static,ignoring_inline_asm
../Core/Src/main.c:436:5:main	8	static
