../Core/Src/main.c:24:13:DWT_Init	1
../Core/Src/main.c:34:20:delay_us	2
../Core/Src/main.c:42:13:delay_ms	2
../Core/Src/main.c:51:13:USART1_Init	1
../Core/Src/main.c:81:6:uart_send_char	2
../Core/Src/main.c:88:6:uart_send_string	2
../Core/Src/main.c:96:6:my_printf	1
../Core/Src/main.c:107:5:__io_putchar	1
../Core/Src/main.c:116:13:DHT11_GPIO_Init	1
../Core/Src/main.c:122:13:DHT11_Set_Output	1
../Core/Src/main.c:135:13:DHT11_Set_Input	1
../Core/Src/main.c:145:20:DHT11_Write_Low	1
../Core/Src/main.c:150:20:DHT11_Write_High	1
../Core/Src/main.c:155:23:DHT11_Read_Pin	1
../Core/Src/main.c:168:8:DHT11_Read	15
../Core/Src/main.c:268:13:LED_Init	1
../Core/Src/main.c:277:13:LED_Toggle	1
../Core/Src/main.c:286:5:main	5
